[0.009s] Invoking command in '/home/dxr-labtop/pyroki/for_tips/robotiq_ws/build/robotiq_2f_gripper_msgs': CMAKE_PREFIX_PATH=${CMAKE_PREFIX_PATH}:/opt/ros/humble /home/dxr-labtop/.local/bin/cmake /home/dxr-labtop/pyroki/for_tips/robotiq_ws/src/robotiq_2f_gripper_ros2/robotiq_2f_gripper_msgs -DCMAKE_INSTALL_PREFIX=/home/dxr-labtop/pyroki/for_tips/robotiq_ws/install/robotiq_2f_gripper_msgs
[0.062s] [0mCMake Deprecation Warning at CMakeLists.txt:1 (cmake_minimum_required):
[0.062s]   Compatibility with CMake < 3.10 will be removed from a future version of
[0.062s]   CMake.
[0.062s] 
[0.062s]   Update the VERSION argument <min> value.  Or, use the <min>...<max> syntax
[0.062s]   to tell CMake that the project requires at least <min> but has been updated
[0.062s]   to work with policies introduced by <max> or earlier.
[0.062s] 
[0.062s] [0m
[0.105s] -- The C compiler identification is GNU 11.4.0
[0.159s] -- The CXX compiler identification is GNU 11.4.0
[0.165s] -- Detecting C compiler ABI info
[0.216s] -- Detecting C compiler ABI info - done
[0.227s] -- Check for working C compiler: /usr/bin/cc - skipped
[0.228s] -- Detecting C compile features
[0.228s] -- Detecting C compile features - done
[0.238s] -- Detecting CXX compiler ABI info
[0.301s] -- Detecting CXX compiler ABI info - done
[0.318s] -- Check for working CXX compiler: /usr/bin/c++ - skipped
[0.318s] -- Detecting CXX compile features
[0.319s] -- Detecting CXX compile features - done
[0.326s] -- Found ament_cmake: 1.3.14 (/opt/ros/humble/share/ament_cmake/cmake)
[0.404s] -- Found Python3: /home/dxr-labtop/pyroki/.venv/bin/python3 (found version "3.10.12") found components: Interpreter
[0.468s] -- Found rosidl_default_generators: 1.2.1 (/opt/ros/humble/share/rosidl_default_generators/cmake)
[0.471s] -- Using all available rosidl_typesupport_c: rosidl_typesupport_fastrtps_c;rosidl_typesupport_introspection_c
[0.477s] -- Found rosidl_adapter: 3.1.8 (/opt/ros/humble/share/rosidl_adapter/cmake)
[0.510s] -- Using all available rosidl_typesupport_cpp: rosidl_typesupport_fastrtps_cpp;rosidl_typesupport_introspection_cpp
[0.540s] -- Found std_msgs: 4.9.1 (/opt/ros/humble/share/std_msgs/cmake)
[0.562s] -- Found unique_identifier_msgs: 2.2.1 (/opt/ros/humble/share/unique_identifier_msgs/cmake)
[0.680s] [31mCMake Error at /opt/ros/humble/share/rosidl_adapter/cmake/rosidl_adapt_interfaces.cmake:59 (message):
[0.680s]   execute_process(/home/dxr-labtop/pyroki/.venv/bin/python3 -m rosidl_adapter
[0.680s]   --package-name robotiq_2f_gripper_msgs --arguments-file
[0.680s]   /home/dxr-labtop/pyroki/for_tips/robotiq_ws/build/robotiq_2f_gripper_msgs/rosidl_adapter__arguments__robotiq_2f_gripper_msgs.json
[0.680s]   --output-dir
[0.680s]   /home/dxr-labtop/pyroki/for_tips/robotiq_ws/build/robotiq_2f_gripper_msgs/rosidl_adapter/robotiq_2f_gripper_msgs
[0.681s]   --output-file
[0.681s]   /home/dxr-labtop/pyroki/for_tips/robotiq_ws/build/robotiq_2f_gripper_msgs/rosidl_adapter/robotiq_2f_gripper_msgs.idls)
[0.681s]   returned error code 1:
[0.681s] 
[0.681s]   Traceback (most recent call last):
[0.681s] 
[0.681s]     File "/usr/lib/python3.10/runpy.py", line 196, in _run_module_as_main
[0.681s]       return _run_code(code, main_globals, None,
[0.681s]     File "/usr/lib/python3.10/runpy.py", line 86, in _run_code
[0.681s]       exec(code, run_globals)
[0.681s]     File "/opt/ros/humble/local/lib/python3.10/dist-packages/rosidl_adapter/__main__.py", line 19, in <module>
[0.681s]       sys.exit(main())
[0.681s]     File "/opt/ros/humble/local/lib/python3.10/dist-packages/rosidl_adapter/main.py", line 53, in main
[0.681s]       abs_idl_file = convert_to_idl(
[0.681s]     File "/opt/ros/humble/local/lib/python3.10/dist-packages/rosidl_adapter/__init__.py", line 28, in convert_to_idl
[0.681s]       from rosidl_adapter.action import convert_action_to_idl
[0.681s]     File "/opt/ros/humble/local/lib/python3.10/dist-packages/rosidl_adapter/action/__init__.py", line 16, in <module>
[0.681s]       from rosidl_adapter.resource import expand_template
[0.682s]     File "/opt/ros/humble/local/lib/python3.10/dist-packages/rosidl_adapter/resource/__init__.py", line 19, in <module>
[0.682s]       import em
[0.682s] 
[0.682s]   ModuleNotFoundError: No module named 'em'
[0.682s] 
[0.682s] Call Stack (most recent call first):
[0.682s]   /opt/ros/humble/share/rosidl_cmake/cmake/rosidl_generate_interfaces.cmake:130 (rosidl_adapt_interfaces)
[0.682s]   CMakeLists.txt:14 (rosidl_generate_interfaces)
[0.682s] 
[0.682s] [0m
[0.682s] -- Configuring incomplete, errors occurred!
[0.716s] Invoked command in '/home/dxr-labtop/pyroki/for_tips/robotiq_ws/build/robotiq_2f_gripper_msgs' returned '1': CMAKE_PREFIX_PATH=${CMAKE_PREFIX_PATH}:/opt/ros/humble /home/dxr-labtop/.local/bin/cmake /home/dxr-labtop/pyroki/for_tips/robotiq_ws/src/robotiq_2f_gripper_ros2/robotiq_2f_gripper_msgs -DCMAKE_INSTALL_PREFIX=/home/dxr-labtop/pyroki/for_tips/robotiq_ws/install/robotiq_2f_gripper_msgs
