[0.073s] DEBUG:colcon:Command line arguments: ['/usr/bin/colcon', 'build']
[0.073s] DEBUG:colcon:Parsed command line arguments: Namespace(log_base=None, log_level=None, verb_name='build', build_base='build', install_base='install', merge_install=False, symlink_install=False, test_result_base=None, continue_on_error=False, executor='parallel', parallel_workers=20, event_handlers=None, ignore_user_meta=False, metas=['./colcon.meta'], base_paths=['.'], packages_ignore=None, packages_ignore_regex=None, paths=None, packages_up_to=None, packages_up_to_regex=None, packages_above=None, packages_above_and_dependencies=None, packages_above_depth=None, packages_select_by_dep=None, packages_skip_by_dep=None, packages_skip_up_to=None, packages_select_build_failed=False, packages_skip_build_finished=False, packages_select_test_failures=False, packages_skip_test_passed=False, packages_select=None, packages_skip=None, packages_select_regex=None, packages_skip_regex=None, packages_start=None, packages_end=None, allow_overriding=[], cmake_args=None, cmake_target=None, cmake_target_skip_unavailable=False, cmake_clean_cache=False, cmake_clean_first=False, cmake_force_configure=False, ament_cmake_args=None, catkin_cmake_args=None, catkin_skip_building_tests=False, mixin_files=None, mixin=None, verb_parser=<colcon_mixin.mixin.mixin_argument.MixinArgumentDecorator object at 0x7439139b7520>, verb_extension=<colcon_core.verb.build.BuildVerb object at 0x7439139b6fe0>, main=<bound method BuildVerb.main of <colcon_core.verb.build.BuildVerb object at 0x7439139b6fe0>>, mixin_verb=('build',))
[0.215s] Level 1:colcon.colcon_core.package_discovery:discover_packages(colcon_meta) check parameters
[0.215s] Level 1:colcon.colcon_core.package_discovery:discover_packages(recursive) check parameters
[0.215s] Level 1:colcon.colcon_core.package_discovery:discover_packages(ignore) check parameters
[0.215s] Level 1:colcon.colcon_core.package_discovery:discover_packages(path) check parameters
[0.215s] Level 1:colcon.colcon_core.package_discovery:discover_packages(colcon_meta) discover
[0.215s] Level 1:colcon.colcon_core.package_discovery:discover_packages(recursive) discover
[0.215s] INFO:colcon.colcon_core.package_discovery:Crawling recursively for packages in '/home/dxr-labtop/pyroki/for_tips/robotiq_ws'
[0.215s] Level 1:colcon.colcon_core.package_identification:_identify(.) by extensions ['ignore', 'ignore_ament_install']
[0.215s] Level 1:colcon.colcon_core.package_identification:_identify(.) by extension 'ignore'
[0.215s] Level 1:colcon.colcon_core.package_identification:_identify(.) by extension 'ignore_ament_install'
[0.215s] Level 1:colcon.colcon_core.package_identification:_identify(.) by extensions ['colcon_pkg']
[0.215s] Level 1:colcon.colcon_core.package_identification:_identify(.) by extension 'colcon_pkg'
[0.215s] Level 1:colcon.colcon_core.package_identification:_identify(.) by extensions ['colcon_meta']
[0.215s] Level 1:colcon.colcon_core.package_identification:_identify(.) by extension 'colcon_meta'
[0.215s] Level 1:colcon.colcon_core.package_identification:_identify(.) by extensions ['ros']
[0.215s] Level 1:colcon.colcon_core.package_identification:_identify(.) by extension 'ros'
[0.229s] Level 1:colcon.colcon_core.package_identification:_identify(.) by extensions ['cmake', 'python']
[0.229s] Level 1:colcon.colcon_core.package_identification:_identify(.) by extension 'cmake'
[0.229s] Level 1:colcon.colcon_core.package_identification:_identify(.) by extension 'python'
[0.229s] Level 1:colcon.colcon_core.package_identification:_identify(.) by extensions ['python_setup_py']
[0.229s] Level 1:colcon.colcon_core.package_identification:_identify(.) by extension 'python_setup_py'
[0.229s] Level 1:colcon.colcon_core.package_identification:_identify(build) by extensions ['ignore', 'ignore_ament_install']
[0.229s] Level 1:colcon.colcon_core.package_identification:_identify(build) by extension 'ignore'
[0.229s] Level 1:colcon.colcon_core.package_identification:_identify(build) ignored
[0.229s] Level 1:colcon.colcon_core.package_identification:_identify(install) by extensions ['ignore', 'ignore_ament_install']
[0.229s] Level 1:colcon.colcon_core.package_identification:_identify(install) by extension 'ignore'
[0.229s] Level 1:colcon.colcon_core.package_identification:_identify(install) ignored
[0.229s] Level 1:colcon.colcon_core.package_identification:_identify(log) by extensions ['ignore', 'ignore_ament_install']
[0.229s] Level 1:colcon.colcon_core.package_identification:_identify(log) by extension 'ignore'
[0.229s] Level 1:colcon.colcon_core.package_identification:_identify(log) ignored
[0.229s] Level 1:colcon.colcon_core.package_identification:_identify(src) by extensions ['ignore', 'ignore_ament_install']
[0.229s] Level 1:colcon.colcon_core.package_identification:_identify(src) by extension 'ignore'
[0.229s] Level 1:colcon.colcon_core.package_identification:_identify(src) by extension 'ignore_ament_install'
[0.229s] Level 1:colcon.colcon_core.package_identification:_identify(src) by extensions ['colcon_pkg']
[0.229s] Level 1:colcon.colcon_core.package_identification:_identify(src) by extension 'colcon_pkg'
[0.229s] Level 1:colcon.colcon_core.package_identification:_identify(src) by extensions ['colcon_meta']
[0.229s] Level 1:colcon.colcon_core.package_identification:_identify(src) by extension 'colcon_meta'
[0.230s] Level 1:colcon.colcon_core.package_identification:_identify(src) by extensions ['ros']
[0.230s] Level 1:colcon.colcon_core.package_identification:_identify(src) by extension 'ros'
[0.230s] Level 1:colcon.colcon_core.package_identification:_identify(src) by extensions ['cmake', 'python']
[0.230s] Level 1:colcon.colcon_core.package_identification:_identify(src) by extension 'cmake'
[0.230s] Level 1:colcon.colcon_core.package_identification:_identify(src) by extension 'python'
[0.230s] Level 1:colcon.colcon_core.package_identification:_identify(src) by extensions ['python_setup_py']
[0.230s] Level 1:colcon.colcon_core.package_identification:_identify(src) by extension 'python_setup_py'
[0.230s] Level 1:colcon.colcon_core.package_identification:_identify(src/robotiq_2f_gripper_ros2) by extensions ['ignore', 'ignore_ament_install']
[0.230s] Level 1:colcon.colcon_core.package_identification:_identify(src/robotiq_2f_gripper_ros2) by extension 'ignore'
[0.230s] Level 1:colcon.colcon_core.package_identification:_identify(src/robotiq_2f_gripper_ros2) by extension 'ignore_ament_install'
[0.230s] Level 1:colcon.colcon_core.package_identification:_identify(src/robotiq_2f_gripper_ros2) by extensions ['colcon_pkg']
[0.230s] Level 1:colcon.colcon_core.package_identification:_identify(src/robotiq_2f_gripper_ros2) by extension 'colcon_pkg'
[0.230s] Level 1:colcon.colcon_core.package_identification:_identify(src/robotiq_2f_gripper_ros2) by extensions ['colcon_meta']
[0.230s] Level 1:colcon.colcon_core.package_identification:_identify(src/robotiq_2f_gripper_ros2) by extension 'colcon_meta'
[0.230s] Level 1:colcon.colcon_core.package_identification:_identify(src/robotiq_2f_gripper_ros2) by extensions ['ros']
[0.230s] Level 1:colcon.colcon_core.package_identification:_identify(src/robotiq_2f_gripper_ros2) by extension 'ros'
[0.230s] Level 1:colcon.colcon_core.package_identification:_identify(src/robotiq_2f_gripper_ros2) by extensions ['cmake', 'python']
[0.230s] Level 1:colcon.colcon_core.package_identification:_identify(src/robotiq_2f_gripper_ros2) by extension 'cmake'
[0.230s] Level 1:colcon.colcon_core.package_identification:_identify(src/robotiq_2f_gripper_ros2) by extension 'python'
[0.230s] Level 1:colcon.colcon_core.package_identification:_identify(src/robotiq_2f_gripper_ros2) by extensions ['python_setup_py']
[0.230s] Level 1:colcon.colcon_core.package_identification:_identify(src/robotiq_2f_gripper_ros2) by extension 'python_setup_py'
[0.230s] Level 1:colcon.colcon_core.package_identification:_identify(src/robotiq_2f_gripper_ros2/robotiq_2f_gripper_description) by extensions ['ignore', 'ignore_ament_install']
[0.230s] Level 1:colcon.colcon_core.package_identification:_identify(src/robotiq_2f_gripper_ros2/robotiq_2f_gripper_description) by extension 'ignore'
[0.230s] Level 1:colcon.colcon_core.package_identification:_identify(src/robotiq_2f_gripper_ros2/robotiq_2f_gripper_description) by extension 'ignore_ament_install'
[0.230s] Level 1:colcon.colcon_core.package_identification:_identify(src/robotiq_2f_gripper_ros2/robotiq_2f_gripper_description) by extensions ['colcon_pkg']
[0.230s] Level 1:colcon.colcon_core.package_identification:_identify(src/robotiq_2f_gripper_ros2/robotiq_2f_gripper_description) by extension 'colcon_pkg'
[0.230s] Level 1:colcon.colcon_core.package_identification:_identify(src/robotiq_2f_gripper_ros2/robotiq_2f_gripper_description) by extensions ['colcon_meta']
[0.230s] Level 1:colcon.colcon_core.package_identification:_identify(src/robotiq_2f_gripper_ros2/robotiq_2f_gripper_description) by extension 'colcon_meta'
[0.230s] Level 1:colcon.colcon_core.package_identification:_identify(src/robotiq_2f_gripper_ros2/robotiq_2f_gripper_description) by extensions ['ros']
[0.230s] Level 1:colcon.colcon_core.package_identification:_identify(src/robotiq_2f_gripper_ros2/robotiq_2f_gripper_description) by extension 'ros'
[0.232s] DEBUG:colcon.colcon_core.package_identification:Package 'src/robotiq_2f_gripper_ros2/robotiq_2f_gripper_description' with type 'ros.ament_cmake' and name 'robotiq_2f_gripper_description'
[0.232s] Level 1:colcon.colcon_core.package_identification:_identify(src/robotiq_2f_gripper_ros2/robotiq_2f_gripper_hardware) by extensions ['ignore', 'ignore_ament_install']
[0.232s] Level 1:colcon.colcon_core.package_identification:_identify(src/robotiq_2f_gripper_ros2/robotiq_2f_gripper_hardware) by extension 'ignore'
[0.232s] Level 1:colcon.colcon_core.package_identification:_identify(src/robotiq_2f_gripper_ros2/robotiq_2f_gripper_hardware) by extension 'ignore_ament_install'
[0.232s] Level 1:colcon.colcon_core.package_identification:_identify(src/robotiq_2f_gripper_ros2/robotiq_2f_gripper_hardware) by extensions ['colcon_pkg']
[0.232s] Level 1:colcon.colcon_core.package_identification:_identify(src/robotiq_2f_gripper_ros2/robotiq_2f_gripper_hardware) by extension 'colcon_pkg'
[0.232s] Level 1:colcon.colcon_core.package_identification:_identify(src/robotiq_2f_gripper_ros2/robotiq_2f_gripper_hardware) by extensions ['colcon_meta']
[0.232s] Level 1:colcon.colcon_core.package_identification:_identify(src/robotiq_2f_gripper_ros2/robotiq_2f_gripper_hardware) by extension 'colcon_meta'
[0.232s] Level 1:colcon.colcon_core.package_identification:_identify(src/robotiq_2f_gripper_ros2/robotiq_2f_gripper_hardware) by extensions ['ros']
[0.232s] Level 1:colcon.colcon_core.package_identification:_identify(src/robotiq_2f_gripper_ros2/robotiq_2f_gripper_hardware) by extension 'ros'
[0.233s] DEBUG:colcon.colcon_core.package_identification:Package 'src/robotiq_2f_gripper_ros2/robotiq_2f_gripper_hardware' with type 'ros.ament_cmake' and name 'robotiq_2f_gripper_hardware'
[0.233s] Level 1:colcon.colcon_core.package_identification:_identify(src/robotiq_2f_gripper_ros2/robotiq_2f_gripper_interfaces) by extensions ['ignore', 'ignore_ament_install']
[0.233s] Level 1:colcon.colcon_core.package_identification:_identify(src/robotiq_2f_gripper_ros2/robotiq_2f_gripper_interfaces) by extension 'ignore'
[0.233s] Level 1:colcon.colcon_core.package_identification:_identify(src/robotiq_2f_gripper_ros2/robotiq_2f_gripper_interfaces) by extension 'ignore_ament_install'
[0.233s] Level 1:colcon.colcon_core.package_identification:_identify(src/robotiq_2f_gripper_ros2/robotiq_2f_gripper_interfaces) by extensions ['colcon_pkg']
[0.233s] Level 1:colcon.colcon_core.package_identification:_identify(src/robotiq_2f_gripper_ros2/robotiq_2f_gripper_interfaces) by extension 'colcon_pkg'
[0.233s] Level 1:colcon.colcon_core.package_identification:_identify(src/robotiq_2f_gripper_ros2/robotiq_2f_gripper_interfaces) by extensions ['colcon_meta']
[0.233s] Level 1:colcon.colcon_core.package_identification:_identify(src/robotiq_2f_gripper_ros2/robotiq_2f_gripper_interfaces) by extension 'colcon_meta'
[0.233s] Level 1:colcon.colcon_core.package_identification:_identify(src/robotiq_2f_gripper_ros2/robotiq_2f_gripper_interfaces) by extensions ['ros']
[0.233s] Level 1:colcon.colcon_core.package_identification:_identify(src/robotiq_2f_gripper_ros2/robotiq_2f_gripper_interfaces) by extension 'ros'
[0.234s] DEBUG:colcon.colcon_core.package_identification:Package 'src/robotiq_2f_gripper_ros2/robotiq_2f_gripper_interfaces' with type 'ros.ament_cmake' and name 'robotiq_2f_gripper_interfaces'
[0.234s] Level 1:colcon.colcon_core.package_identification:_identify(src/robotiq_2f_gripper_ros2/robotiq_2f_gripper_msgs) by extensions ['ignore', 'ignore_ament_install']
[0.234s] Level 1:colcon.colcon_core.package_identification:_identify(src/robotiq_2f_gripper_ros2/robotiq_2f_gripper_msgs) by extension 'ignore'
[0.234s] Level 1:colcon.colcon_core.package_identification:_identify(src/robotiq_2f_gripper_ros2/robotiq_2f_gripper_msgs) by extension 'ignore_ament_install'
[0.234s] Level 1:colcon.colcon_core.package_identification:_identify(src/robotiq_2f_gripper_ros2/robotiq_2f_gripper_msgs) by extensions ['colcon_pkg']
[0.234s] Level 1:colcon.colcon_core.package_identification:_identify(src/robotiq_2f_gripper_ros2/robotiq_2f_gripper_msgs) by extension 'colcon_pkg'
[0.234s] Level 1:colcon.colcon_core.package_identification:_identify(src/robotiq_2f_gripper_ros2/robotiq_2f_gripper_msgs) by extensions ['colcon_meta']
[0.234s] Level 1:colcon.colcon_core.package_identification:_identify(src/robotiq_2f_gripper_ros2/robotiq_2f_gripper_msgs) by extension 'colcon_meta'
[0.234s] Level 1:colcon.colcon_core.package_identification:_identify(src/robotiq_2f_gripper_ros2/robotiq_2f_gripper_msgs) by extensions ['ros']
[0.234s] Level 1:colcon.colcon_core.package_identification:_identify(src/robotiq_2f_gripper_ros2/robotiq_2f_gripper_msgs) by extension 'ros'
[0.235s] DEBUG:colcon.colcon_core.package_identification:Package 'src/robotiq_2f_gripper_ros2/robotiq_2f_gripper_msgs' with type 'ros.ament_cmake' and name 'robotiq_2f_gripper_msgs'
[0.235s] Level 1:colcon.colcon_core.package_identification:_identify(src/robotiq_2f_gripper_ros2/serial-ros2) by extensions ['ignore', 'ignore_ament_install']
[0.235s] Level 1:colcon.colcon_core.package_identification:_identify(src/robotiq_2f_gripper_ros2/serial-ros2) by extension 'ignore'
[0.235s] Level 1:colcon.colcon_core.package_identification:_identify(src/robotiq_2f_gripper_ros2/serial-ros2) by extension 'ignore_ament_install'
[0.235s] Level 1:colcon.colcon_core.package_identification:_identify(src/robotiq_2f_gripper_ros2/serial-ros2) by extensions ['colcon_pkg']
[0.235s] Level 1:colcon.colcon_core.package_identification:_identify(src/robotiq_2f_gripper_ros2/serial-ros2) by extension 'colcon_pkg'
[0.235s] Level 1:colcon.colcon_core.package_identification:_identify(src/robotiq_2f_gripper_ros2/serial-ros2) by extensions ['colcon_meta']
[0.235s] Level 1:colcon.colcon_core.package_identification:_identify(src/robotiq_2f_gripper_ros2/serial-ros2) by extension 'colcon_meta'
[0.235s] Level 1:colcon.colcon_core.package_identification:_identify(src/robotiq_2f_gripper_ros2/serial-ros2) by extensions ['ros']
[0.235s] Level 1:colcon.colcon_core.package_identification:_identify(src/robotiq_2f_gripper_ros2/serial-ros2) by extension 'ros'
[0.235s] Level 1:colcon.colcon_core.package_identification:_identify(src/robotiq_2f_gripper_ros2/serial-ros2) by extensions ['cmake', 'python']
[0.235s] Level 1:colcon.colcon_core.package_identification:_identify(src/robotiq_2f_gripper_ros2/serial-ros2) by extension 'cmake'
[0.235s] Level 1:colcon.colcon_core.package_identification:_identify(src/robotiq_2f_gripper_ros2/serial-ros2) by extension 'python'
[0.235s] Level 1:colcon.colcon_core.package_identification:_identify(src/robotiq_2f_gripper_ros2/serial-ros2) by extensions ['python_setup_py']
[0.235s] Level 1:colcon.colcon_core.package_identification:_identify(src/robotiq_2f_gripper_ros2/serial-ros2) by extension 'python_setup_py'
[0.235s] Level 1:colcon.colcon_core.package_discovery:discover_packages(recursive) using defaults
[0.235s] Level 1:colcon.colcon_core.package_discovery:discover_packages(ignore) discover
[0.235s] Level 1:colcon.colcon_core.package_discovery:discover_packages(ignore) using defaults
[0.235s] Level 1:colcon.colcon_core.package_discovery:discover_packages(path) discover
[0.235s] Level 1:colcon.colcon_core.package_discovery:discover_packages(path) using defaults
[0.251s] Level 1:colcon.colcon_core.package_discovery:discover_packages(prefix_path) check parameters
[0.251s] Level 1:colcon.colcon_core.package_discovery:discover_packages(prefix_path) discover
[0.252s] DEBUG:colcon.colcon_installed_package_information.package_discovery:Found 1 installed packages in /home/dxr-labtop/SGG-Benchmark/for_tips/tips_ws/install
[0.253s] DEBUG:colcon.colcon_installed_package_information.package_discovery:Found 462 installed packages in /opt/ros/humble
[0.255s] Level 1:colcon.colcon_core.package_discovery:discover_packages(prefix_path) using defaults
[0.287s] Level 5:colcon.colcon_core.verb:set package 'robotiq_2f_gripper_description' build argument 'cmake_args' from command line to 'None'
[0.287s] Level 5:colcon.colcon_core.verb:set package 'robotiq_2f_gripper_description' build argument 'cmake_target' from command line to 'None'
[0.287s] Level 5:colcon.colcon_core.verb:set package 'robotiq_2f_gripper_description' build argument 'cmake_target_skip_unavailable' from command line to 'False'
[0.287s] Level 5:colcon.colcon_core.verb:set package 'robotiq_2f_gripper_description' build argument 'cmake_clean_cache' from command line to 'False'
[0.287s] Level 5:colcon.colcon_core.verb:set package 'robotiq_2f_gripper_description' build argument 'cmake_clean_first' from command line to 'False'
[0.287s] Level 5:colcon.colcon_core.verb:set package 'robotiq_2f_gripper_description' build argument 'cmake_force_configure' from command line to 'False'
[0.287s] Level 5:colcon.colcon_core.verb:set package 'robotiq_2f_gripper_description' build argument 'ament_cmake_args' from command line to 'None'
[0.287s] Level 5:colcon.colcon_core.verb:set package 'robotiq_2f_gripper_description' build argument 'catkin_cmake_args' from command line to 'None'
[0.287s] Level 5:colcon.colcon_core.verb:set package 'robotiq_2f_gripper_description' build argument 'catkin_skip_building_tests' from command line to 'False'
[0.287s] DEBUG:colcon.colcon_core.verb:Building package 'robotiq_2f_gripper_description' with the following arguments: {'ament_cmake_args': None, 'build_base': '/home/dxr-labtop/pyroki/for_tips/robotiq_ws/build/robotiq_2f_gripper_description', 'catkin_cmake_args': None, 'catkin_skip_building_tests': False, 'cmake_args': None, 'cmake_clean_cache': False, 'cmake_clean_first': False, 'cmake_force_configure': False, 'cmake_target': None, 'cmake_target_skip_unavailable': False, 'install_base': '/home/dxr-labtop/pyroki/for_tips/robotiq_ws/install/robotiq_2f_gripper_description', 'merge_install': False, 'path': '/home/dxr-labtop/pyroki/for_tips/robotiq_ws/src/robotiq_2f_gripper_ros2/robotiq_2f_gripper_description', 'symlink_install': False, 'test_result_base': None}
[0.287s] Level 5:colcon.colcon_core.verb:set package 'robotiq_2f_gripper_interfaces' build argument 'cmake_args' from command line to 'None'
[0.287s] Level 5:colcon.colcon_core.verb:set package 'robotiq_2f_gripper_interfaces' build argument 'cmake_target' from command line to 'None'
[0.287s] Level 5:colcon.colcon_core.verb:set package 'robotiq_2f_gripper_interfaces' build argument 'cmake_target_skip_unavailable' from command line to 'False'
[0.287s] Level 5:colcon.colcon_core.verb:set package 'robotiq_2f_gripper_interfaces' build argument 'cmake_clean_cache' from command line to 'False'
[0.287s] Level 5:colcon.colcon_core.verb:set package 'robotiq_2f_gripper_interfaces' build argument 'cmake_clean_first' from command line to 'False'
[0.287s] Level 5:colcon.colcon_core.verb:set package 'robotiq_2f_gripper_interfaces' build argument 'cmake_force_configure' from command line to 'False'
[0.287s] Level 5:colcon.colcon_core.verb:set package 'robotiq_2f_gripper_interfaces' build argument 'ament_cmake_args' from command line to 'None'
[0.287s] Level 5:colcon.colcon_core.verb:set package 'robotiq_2f_gripper_interfaces' build argument 'catkin_cmake_args' from command line to 'None'
[0.287s] Level 5:colcon.colcon_core.verb:set package 'robotiq_2f_gripper_interfaces' build argument 'catkin_skip_building_tests' from command line to 'False'
[0.287s] DEBUG:colcon.colcon_core.verb:Building package 'robotiq_2f_gripper_interfaces' with the following arguments: {'ament_cmake_args': None, 'build_base': '/home/dxr-labtop/pyroki/for_tips/robotiq_ws/build/robotiq_2f_gripper_interfaces', 'catkin_cmake_args': None, 'catkin_skip_building_tests': False, 'cmake_args': None, 'cmake_clean_cache': False, 'cmake_clean_first': False, 'cmake_force_configure': False, 'cmake_target': None, 'cmake_target_skip_unavailable': False, 'install_base': '/home/dxr-labtop/pyroki/for_tips/robotiq_ws/install/robotiq_2f_gripper_interfaces', 'merge_install': False, 'path': '/home/dxr-labtop/pyroki/for_tips/robotiq_ws/src/robotiq_2f_gripper_ros2/robotiq_2f_gripper_interfaces', 'symlink_install': False, 'test_result_base': None}
[0.288s] Level 5:colcon.colcon_core.verb:set package 'robotiq_2f_gripper_msgs' build argument 'cmake_args' from command line to 'None'
[0.288s] Level 5:colcon.colcon_core.verb:set package 'robotiq_2f_gripper_msgs' build argument 'cmake_target' from command line to 'None'
[0.288s] Level 5:colcon.colcon_core.verb:set package 'robotiq_2f_gripper_msgs' build argument 'cmake_target_skip_unavailable' from command line to 'False'
[0.288s] Level 5:colcon.colcon_core.verb:set package 'robotiq_2f_gripper_msgs' build argument 'cmake_clean_cache' from command line to 'False'
[0.288s] Level 5:colcon.colcon_core.verb:set package 'robotiq_2f_gripper_msgs' build argument 'cmake_clean_first' from command line to 'False'
[0.288s] Level 5:colcon.colcon_core.verb:set package 'robotiq_2f_gripper_msgs' build argument 'cmake_force_configure' from command line to 'False'
[0.288s] Level 5:colcon.colcon_core.verb:set package 'robotiq_2f_gripper_msgs' build argument 'ament_cmake_args' from command line to 'None'
[0.288s] Level 5:colcon.colcon_core.verb:set package 'robotiq_2f_gripper_msgs' build argument 'catkin_cmake_args' from command line to 'None'
[0.288s] Level 5:colcon.colcon_core.verb:set package 'robotiq_2f_gripper_msgs' build argument 'catkin_skip_building_tests' from command line to 'False'
[0.288s] DEBUG:colcon.colcon_core.verb:Building package 'robotiq_2f_gripper_msgs' with the following arguments: {'ament_cmake_args': None, 'build_base': '/home/dxr-labtop/pyroki/for_tips/robotiq_ws/build/robotiq_2f_gripper_msgs', 'catkin_cmake_args': None, 'catkin_skip_building_tests': False, 'cmake_args': None, 'cmake_clean_cache': False, 'cmake_clean_first': False, 'cmake_force_configure': False, 'cmake_target': None, 'cmake_target_skip_unavailable': False, 'install_base': '/home/dxr-labtop/pyroki/for_tips/robotiq_ws/install/robotiq_2f_gripper_msgs', 'merge_install': False, 'path': '/home/dxr-labtop/pyroki/for_tips/robotiq_ws/src/robotiq_2f_gripper_ros2/robotiq_2f_gripper_msgs', 'symlink_install': False, 'test_result_base': None}
[0.288s] Level 5:colcon.colcon_core.verb:set package 'robotiq_2f_gripper_hardware' build argument 'cmake_args' from command line to 'None'
[0.288s] Level 5:colcon.colcon_core.verb:set package 'robotiq_2f_gripper_hardware' build argument 'cmake_target' from command line to 'None'
[0.288s] Level 5:colcon.colcon_core.verb:set package 'robotiq_2f_gripper_hardware' build argument 'cmake_target_skip_unavailable' from command line to 'False'
[0.288s] Level 5:colcon.colcon_core.verb:set package 'robotiq_2f_gripper_hardware' build argument 'cmake_clean_cache' from command line to 'False'
[0.288s] Level 5:colcon.colcon_core.verb:set package 'robotiq_2f_gripper_hardware' build argument 'cmake_clean_first' from command line to 'False'
[0.288s] Level 5:colcon.colcon_core.verb:set package 'robotiq_2f_gripper_hardware' build argument 'cmake_force_configure' from command line to 'False'
[0.288s] Level 5:colcon.colcon_core.verb:set package 'robotiq_2f_gripper_hardware' build argument 'ament_cmake_args' from command line to 'None'
[0.288s] Level 5:colcon.colcon_core.verb:set package 'robotiq_2f_gripper_hardware' build argument 'catkin_cmake_args' from command line to 'None'
[0.288s] Level 5:colcon.colcon_core.verb:set package 'robotiq_2f_gripper_hardware' build argument 'catkin_skip_building_tests' from command line to 'False'
[0.288s] DEBUG:colcon.colcon_core.verb:Building package 'robotiq_2f_gripper_hardware' with the following arguments: {'ament_cmake_args': None, 'build_base': '/home/dxr-labtop/pyroki/for_tips/robotiq_ws/build/robotiq_2f_gripper_hardware', 'catkin_cmake_args': None, 'catkin_skip_building_tests': False, 'cmake_args': None, 'cmake_clean_cache': False, 'cmake_clean_first': False, 'cmake_force_configure': False, 'cmake_target': None, 'cmake_target_skip_unavailable': False, 'install_base': '/home/dxr-labtop/pyroki/for_tips/robotiq_ws/install/robotiq_2f_gripper_hardware', 'merge_install': False, 'path': '/home/dxr-labtop/pyroki/for_tips/robotiq_ws/src/robotiq_2f_gripper_ros2/robotiq_2f_gripper_hardware', 'symlink_install': False, 'test_result_base': None}
[0.288s] INFO:colcon.colcon_core.executor:Executing jobs using 'parallel' executor
[0.289s] DEBUG:colcon.colcon_parallel_executor.executor.parallel:run_until_complete
[0.289s] INFO:colcon.colcon_ros.task.ament_cmake.build:Building ROS package in '/home/dxr-labtop/pyroki/for_tips/robotiq_ws/src/robotiq_2f_gripper_ros2/robotiq_2f_gripper_interfaces' with build type 'ament_cmake'
[0.289s] INFO:colcon.colcon_cmake.task.cmake.build:Building CMake package in '/home/dxr-labtop/pyroki/for_tips/robotiq_ws/src/robotiq_2f_gripper_ros2/robotiq_2f_gripper_interfaces'
[0.291s] INFO:colcon.colcon_core.plugin_system:Skipping extension 'colcon_core.shell.bat': Not used on non-Windows systems
[0.291s] INFO:colcon.colcon_core.shell:Skip shell extension 'powershell' for command environment: Not usable outside of PowerShell
[0.291s] DEBUG:colcon.colcon_core.shell:Skip shell extension 'dsv' for command environment
[0.294s] INFO:colcon.colcon_ros.task.ament_cmake.build:Building ROS package in '/home/dxr-labtop/pyroki/for_tips/robotiq_ws/src/robotiq_2f_gripper_ros2/robotiq_2f_gripper_msgs' with build type 'ament_cmake'
[0.294s] INFO:colcon.colcon_cmake.task.cmake.build:Building CMake package in '/home/dxr-labtop/pyroki/for_tips/robotiq_ws/src/robotiq_2f_gripper_ros2/robotiq_2f_gripper_msgs'
[0.294s] INFO:colcon.colcon_core.shell:Skip shell extension 'powershell' for command environment: Not usable outside of PowerShell
[0.294s] DEBUG:colcon.colcon_core.shell:Skip shell extension 'dsv' for command environment
[0.297s] INFO:colcon.colcon_ros.task.ament_cmake.build:Building ROS package in '/home/dxr-labtop/pyroki/for_tips/robotiq_ws/src/robotiq_2f_gripper_ros2/robotiq_2f_gripper_description' with build type 'ament_cmake'
[0.297s] INFO:colcon.colcon_cmake.task.cmake.build:Building CMake package in '/home/dxr-labtop/pyroki/for_tips/robotiq_ws/src/robotiq_2f_gripper_ros2/robotiq_2f_gripper_description'
[0.297s] INFO:colcon.colcon_core.shell:Skip shell extension 'powershell' for command environment: Not usable outside of PowerShell
[0.297s] DEBUG:colcon.colcon_core.shell:Skip shell extension 'dsv' for command environment
[0.306s] DEBUG:colcon.colcon_core.event_handler.log_command:Invoking command in '/home/dxr-labtop/pyroki/for_tips/robotiq_ws/build/robotiq_2f_gripper_interfaces': CMAKE_PREFIX_PATH=${CMAKE_PREFIX_PATH}:/opt/ros/humble /home/dxr-labtop/.local/bin/cmake /home/dxr-labtop/pyroki/for_tips/robotiq_ws/src/robotiq_2f_gripper_ros2/robotiq_2f_gripper_interfaces -DCMAKE_INSTALL_PREFIX=/home/dxr-labtop/pyroki/for_tips/robotiq_ws/install/robotiq_2f_gripper_interfaces
[0.308s] DEBUG:colcon.colcon_core.event_handler.log_command:Invoking command in '/home/dxr-labtop/pyroki/for_tips/robotiq_ws/build/robotiq_2f_gripper_msgs': CMAKE_PREFIX_PATH=${CMAKE_PREFIX_PATH}:/opt/ros/humble /home/dxr-labtop/.local/bin/cmake /home/dxr-labtop/pyroki/for_tips/robotiq_ws/src/robotiq_2f_gripper_ros2/robotiq_2f_gripper_msgs -DCMAKE_INSTALL_PREFIX=/home/dxr-labtop/pyroki/for_tips/robotiq_ws/install/robotiq_2f_gripper_msgs
[0.312s] DEBUG:colcon.colcon_core.event_handler.log_command:Invoking command in '/home/dxr-labtop/pyroki/for_tips/robotiq_ws/build/robotiq_2f_gripper_description': CMAKE_PREFIX_PATH=${CMAKE_PREFIX_PATH}:/opt/ros/humble /home/dxr-labtop/.local/bin/cmake --build /home/dxr-labtop/pyroki/for_tips/robotiq_ws/build/robotiq_2f_gripper_description -- -j20 -l20
[0.383s] DEBUG:colcon.colcon_core.event_handler.log_command:Invoked command in '/home/dxr-labtop/pyroki/for_tips/robotiq_ws/build/robotiq_2f_gripper_description' returned '0': CMAKE_PREFIX_PATH=${CMAKE_PREFIX_PATH}:/opt/ros/humble /home/dxr-labtop/.local/bin/cmake --build /home/dxr-labtop/pyroki/for_tips/robotiq_ws/build/robotiq_2f_gripper_description -- -j20 -l20
[0.444s] DEBUG:colcon.colcon_core.event_handler.log_command:Invoking command in '/home/dxr-labtop/pyroki/for_tips/robotiq_ws/build/robotiq_2f_gripper_description': CMAKE_PREFIX_PATH=${CMAKE_PREFIX_PATH}:/opt/ros/humble /home/dxr-labtop/.local/bin/cmake --install /home/dxr-labtop/pyroki/for_tips/robotiq_ws/build/robotiq_2f_gripper_description
[0.500s] Level 1:colcon.colcon_core.environment:create_environment_scripts_only(robotiq_2f_gripper_description)
[0.500s] DEBUG:colcon.colcon_core.event_handler.log_command:Invoked command in '/home/dxr-labtop/pyroki/for_tips/robotiq_ws/build/robotiq_2f_gripper_description' returned '0': CMAKE_PREFIX_PATH=${CMAKE_PREFIX_PATH}:/opt/ros/humble /home/dxr-labtop/.local/bin/cmake --install /home/dxr-labtop/pyroki/for_tips/robotiq_ws/build/robotiq_2f_gripper_description
[0.503s] Level 1:colcon.colcon_core.environment:checking '/home/dxr-labtop/pyroki/for_tips/robotiq_ws/install/robotiq_2f_gripper_description' for CMake module files
[0.503s] Level 1:colcon.colcon_core.environment:checking '/home/dxr-labtop/pyroki/for_tips/robotiq_ws/install/robotiq_2f_gripper_description' for CMake config files
[0.504s] Level 1:colcon.colcon_core.shell:create_environment_hook('robotiq_2f_gripper_description', 'cmake_prefix_path')
[0.504s] INFO:colcon.colcon_core.shell:Creating environment hook '/home/dxr-labtop/pyroki/for_tips/robotiq_ws/install/robotiq_2f_gripper_description/share/robotiq_2f_gripper_description/hook/cmake_prefix_path.ps1'
[0.504s] INFO:colcon.colcon_core.shell:Creating environment descriptor '/home/dxr-labtop/pyroki/for_tips/robotiq_ws/install/robotiq_2f_gripper_description/share/robotiq_2f_gripper_description/hook/cmake_prefix_path.dsv'
[0.505s] INFO:colcon.colcon_core.shell:Creating environment hook '/home/dxr-labtop/pyroki/for_tips/robotiq_ws/install/robotiq_2f_gripper_description/share/robotiq_2f_gripper_description/hook/cmake_prefix_path.sh'
[0.506s] Level 1:colcon.colcon_core.environment:checking '/home/dxr-labtop/pyroki/for_tips/robotiq_ws/install/robotiq_2f_gripper_description/bin'
[0.506s] Level 1:colcon.colcon_core.environment:checking '/home/dxr-labtop/pyroki/for_tips/robotiq_ws/install/robotiq_2f_gripper_description/lib/pkgconfig/robotiq_2f_gripper_description.pc'
[0.506s] Level 1:colcon.colcon_core.environment:checking '/home/dxr-labtop/pyroki/for_tips/robotiq_ws/install/robotiq_2f_gripper_description/lib/python3.10/site-packages'
[0.506s] Level 1:colcon.colcon_core.environment:checking '/home/dxr-labtop/pyroki/for_tips/robotiq_ws/install/robotiq_2f_gripper_description/bin'
[0.507s] INFO:colcon.colcon_core.shell:Creating package script '/home/dxr-labtop/pyroki/for_tips/robotiq_ws/install/robotiq_2f_gripper_description/share/robotiq_2f_gripper_description/package.ps1'
[0.508s] INFO:colcon.colcon_core.shell:Creating package descriptor '/home/dxr-labtop/pyroki/for_tips/robotiq_ws/install/robotiq_2f_gripper_description/share/robotiq_2f_gripper_description/package.dsv'
[0.508s] INFO:colcon.colcon_core.shell:Creating package script '/home/dxr-labtop/pyroki/for_tips/robotiq_ws/install/robotiq_2f_gripper_description/share/robotiq_2f_gripper_description/package.sh'
[0.509s] INFO:colcon.colcon_core.shell:Creating package script '/home/dxr-labtop/pyroki/for_tips/robotiq_ws/install/robotiq_2f_gripper_description/share/robotiq_2f_gripper_description/package.bash'
[0.510s] INFO:colcon.colcon_core.shell:Creating package script '/home/dxr-labtop/pyroki/for_tips/robotiq_ws/install/robotiq_2f_gripper_description/share/robotiq_2f_gripper_description/package.zsh'
[0.510s] Level 1:colcon.colcon_core.environment:create_file_with_runtime_dependencies(/home/dxr-labtop/pyroki/for_tips/robotiq_ws/install/robotiq_2f_gripper_description/share/colcon-core/packages/robotiq_2f_gripper_description)
[0.511s] Level 1:colcon.colcon_core.environment:create_environment_scripts_only(robotiq_2f_gripper_description)
[0.511s] Level 1:colcon.colcon_core.environment:checking '/home/dxr-labtop/pyroki/for_tips/robotiq_ws/install/robotiq_2f_gripper_description' for CMake module files
[0.511s] Level 1:colcon.colcon_core.environment:checking '/home/dxr-labtop/pyroki/for_tips/robotiq_ws/install/robotiq_2f_gripper_description' for CMake config files
[0.511s] Level 1:colcon.colcon_core.shell:create_environment_hook('robotiq_2f_gripper_description', 'cmake_prefix_path')
[0.511s] INFO:colcon.colcon_core.shell:Creating environment hook '/home/dxr-labtop/pyroki/for_tips/robotiq_ws/install/robotiq_2f_gripper_description/share/robotiq_2f_gripper_description/hook/cmake_prefix_path.ps1'
[0.512s] INFO:colcon.colcon_core.shell:Creating environment descriptor '/home/dxr-labtop/pyroki/for_tips/robotiq_ws/install/robotiq_2f_gripper_description/share/robotiq_2f_gripper_description/hook/cmake_prefix_path.dsv'
[0.512s] INFO:colcon.colcon_core.shell:Creating environment hook '/home/dxr-labtop/pyroki/for_tips/robotiq_ws/install/robotiq_2f_gripper_description/share/robotiq_2f_gripper_description/hook/cmake_prefix_path.sh'
[0.513s] Level 1:colcon.colcon_core.environment:checking '/home/dxr-labtop/pyroki/for_tips/robotiq_ws/install/robotiq_2f_gripper_description/bin'
[0.513s] Level 1:colcon.colcon_core.environment:checking '/home/dxr-labtop/pyroki/for_tips/robotiq_ws/install/robotiq_2f_gripper_description/lib/pkgconfig/robotiq_2f_gripper_description.pc'
[0.513s] Level 1:colcon.colcon_core.environment:checking '/home/dxr-labtop/pyroki/for_tips/robotiq_ws/install/robotiq_2f_gripper_description/lib/python3.10/site-packages'
[0.513s] Level 1:colcon.colcon_core.environment:checking '/home/dxr-labtop/pyroki/for_tips/robotiq_ws/install/robotiq_2f_gripper_description/bin'
[0.513s] INFO:colcon.colcon_core.shell:Creating package script '/home/dxr-labtop/pyroki/for_tips/robotiq_ws/install/robotiq_2f_gripper_description/share/robotiq_2f_gripper_description/package.ps1'
[0.514s] INFO:colcon.colcon_core.shell:Creating package descriptor '/home/dxr-labtop/pyroki/for_tips/robotiq_ws/install/robotiq_2f_gripper_description/share/robotiq_2f_gripper_description/package.dsv'
[0.514s] INFO:colcon.colcon_core.shell:Creating package script '/home/dxr-labtop/pyroki/for_tips/robotiq_ws/install/robotiq_2f_gripper_description/share/robotiq_2f_gripper_description/package.sh'
[0.515s] INFO:colcon.colcon_core.shell:Creating package script '/home/dxr-labtop/pyroki/for_tips/robotiq_ws/install/robotiq_2f_gripper_description/share/robotiq_2f_gripper_description/package.bash'
[0.515s] INFO:colcon.colcon_core.shell:Creating package script '/home/dxr-labtop/pyroki/for_tips/robotiq_ws/install/robotiq_2f_gripper_description/share/robotiq_2f_gripper_description/package.zsh'
[0.516s] Level 1:colcon.colcon_core.environment:create_file_with_runtime_dependencies(/home/dxr-labtop/pyroki/for_tips/robotiq_ws/install/robotiq_2f_gripper_description/share/colcon-core/packages/robotiq_2f_gripper_description)
[0.745s] DEBUG:colcon.colcon_core.event_handler.log_command:Invoked command in '/home/dxr-labtop/pyroki/for_tips/robotiq_ws/build/robotiq_2f_gripper_msgs' returned '1': CMAKE_PREFIX_PATH=${CMAKE_PREFIX_PATH}:/opt/ros/humble /home/dxr-labtop/.local/bin/cmake /home/dxr-labtop/pyroki/for_tips/robotiq_ws/src/robotiq_2f_gripper_ros2/robotiq_2f_gripper_msgs -DCMAKE_INSTALL_PREFIX=/home/dxr-labtop/pyroki/for_tips/robotiq_ws/install/robotiq_2f_gripper_msgs
[0.803s] Level 1:colcon.colcon_core.environment:create_environment_scripts_only(robotiq_2f_gripper_msgs)
[0.804s] Level 1:colcon.colcon_core.environment:checking '/home/dxr-labtop/pyroki/for_tips/robotiq_ws/install/robotiq_2f_gripper_msgs' for CMake module files
[0.804s] Level 1:colcon.colcon_core.environment:checking '/home/dxr-labtop/pyroki/for_tips/robotiq_ws/install/robotiq_2f_gripper_msgs' for CMake config files
[0.804s] Level 1:colcon.colcon_core.environment:checking '/home/dxr-labtop/pyroki/for_tips/robotiq_ws/install/robotiq_2f_gripper_msgs/bin'
[0.804s] Level 1:colcon.colcon_core.environment:checking '/home/dxr-labtop/pyroki/for_tips/robotiq_ws/install/robotiq_2f_gripper_msgs/lib/pkgconfig/robotiq_2f_gripper_msgs.pc'
[0.805s] Level 1:colcon.colcon_core.environment:checking '/home/dxr-labtop/pyroki/for_tips/robotiq_ws/install/robotiq_2f_gripper_msgs/lib/python3.10/site-packages'
[0.805s] Level 1:colcon.colcon_core.environment:checking '/home/dxr-labtop/pyroki/for_tips/robotiq_ws/install/robotiq_2f_gripper_msgs/bin'
[0.805s] INFO:colcon.colcon_core.shell:Creating package script '/home/dxr-labtop/pyroki/for_tips/robotiq_ws/install/robotiq_2f_gripper_msgs/share/robotiq_2f_gripper_msgs/package.ps1'
[0.806s] INFO:colcon.colcon_core.shell:Creating package descriptor '/home/dxr-labtop/pyroki/for_tips/robotiq_ws/install/robotiq_2f_gripper_msgs/share/robotiq_2f_gripper_msgs/package.dsv'
[0.806s] INFO:colcon.colcon_core.shell:Creating package script '/home/dxr-labtop/pyroki/for_tips/robotiq_ws/install/robotiq_2f_gripper_msgs/share/robotiq_2f_gripper_msgs/package.sh'
[0.806s] INFO:colcon.colcon_core.shell:Creating package script '/home/dxr-labtop/pyroki/for_tips/robotiq_ws/install/robotiq_2f_gripper_msgs/share/robotiq_2f_gripper_msgs/package.bash'
[0.807s] INFO:colcon.colcon_core.shell:Creating package script '/home/dxr-labtop/pyroki/for_tips/robotiq_ws/install/robotiq_2f_gripper_msgs/share/robotiq_2f_gripper_msgs/package.zsh'
[0.807s] Level 1:colcon.colcon_core.environment:create_file_with_runtime_dependencies(/home/dxr-labtop/pyroki/for_tips/robotiq_ws/install/robotiq_2f_gripper_msgs/share/colcon-core/packages/robotiq_2f_gripper_msgs)
[0.882s] DEBUG:colcon.colcon_parallel_executor.executor.parallel:closing loop
[0.882s] DEBUG:colcon.colcon_parallel_executor.executor.parallel:loop closed
[0.882s] DEBUG:colcon.colcon_parallel_executor.executor.parallel:run_until_complete finished with '1'
[0.883s] DEBUG:colcon.colcon_core.event_reactor:joining thread
[0.886s] INFO:colcon.colcon_core.plugin_system:Skipping extension 'colcon_notification.desktop_notification.terminal_notifier': Not used on non-Darwin systems
[0.886s] INFO:colcon.colcon_core.plugin_system:Skipping extension 'colcon_notification.desktop_notification.win32': Not used on non-Windows systems
[0.886s] INFO:colcon.colcon_notification.desktop_notification:Sending desktop notification using 'notify2'
[0.895s] DEBUG:colcon.colcon_core.event_reactor:joined thread
[0.895s] INFO:colcon.colcon_core.shell:Creating prefix script '/home/dxr-labtop/pyroki/for_tips/robotiq_ws/install/local_setup.ps1'
[0.897s] INFO:colcon.colcon_core.shell:Creating prefix util module '/home/dxr-labtop/pyroki/for_tips/robotiq_ws/install/_local_setup_util_ps1.py'
[0.898s] INFO:colcon.colcon_core.shell:Creating prefix chain script '/home/dxr-labtop/pyroki/for_tips/robotiq_ws/install/setup.ps1'
[0.900s] INFO:colcon.colcon_core.shell:Creating prefix script '/home/dxr-labtop/pyroki/for_tips/robotiq_ws/install/local_setup.sh'
[0.901s] INFO:colcon.colcon_core.shell:Creating prefix util module '/home/dxr-labtop/pyroki/for_tips/robotiq_ws/install/_local_setup_util_sh.py'
[0.902s] INFO:colcon.colcon_core.shell:Creating prefix chain script '/home/dxr-labtop/pyroki/for_tips/robotiq_ws/install/setup.sh'
[0.903s] INFO:colcon.colcon_core.shell:Creating prefix script '/home/dxr-labtop/pyroki/for_tips/robotiq_ws/install/local_setup.bash'
[0.903s] INFO:colcon.colcon_core.shell:Creating prefix chain script '/home/dxr-labtop/pyroki/for_tips/robotiq_ws/install/setup.bash'
[0.905s] INFO:colcon.colcon_core.shell:Creating prefix script '/home/dxr-labtop/pyroki/for_tips/robotiq_ws/install/local_setup.zsh'
[0.905s] INFO:colcon.colcon_core.shell:Creating prefix chain script '/home/dxr-labtop/pyroki/for_tips/robotiq_ws/install/setup.zsh'
