[0.009s] Invoking command in '/home/dxr-labtop/pyroki/for_tips/robotiq_ws/build/robotiq_2f_gripper_description': CMAKE_PREFIX_PATH=${CMAKE_PREFIX_PATH}:/opt/ros/humble /home/dxr-labtop/.local/bin/cmake /home/dxr-labtop/pyroki/for_tips/robotiq_ws/src/robotiq_2f_gripper_ros2/robotiq_2f_gripper_description -DCMAKE_INSTALL_PREFIX=/home/dxr-labtop/pyroki/for_tips/robotiq_ws/install/robotiq_2f_gripper_description
[0.070s] [0mCMake Deprecation Warning at CMakeLists.txt:1 (cmake_minimum_required):
[0.070s]   Compatibility with CMake < 3.10 will be removed from a future version of
[0.070s]   CMake.
[0.070s] 
[0.070s]   Update the VERSION argument <min> value.  Or, use the <min>...<max> syntax
[0.070s]   to tell CMake that the project requires at least <min> but has been updated
[0.070s]   to work with policies introduced by <max> or earlier.
[0.070s] 
[0.070s] [0m
[0.108s] -- The C compiler identification is GNU 11.4.0
[0.159s] -- The CXX compiler identification is GNU 11.4.0
[0.165s] -- Detecting C compiler ABI info
[0.215s] -- Detecting C compiler ABI info - done
[0.226s] -- Check for working C compiler: /usr/bin/cc - skipped
[0.226s] -- Detecting C compile features
[0.227s] -- Detecting C compile features - done
[0.237s] -- Detecting CXX compiler ABI info
[0.292s] -- Detecting CXX compiler ABI info - done
[0.304s] -- Check for working CXX compiler: /usr/bin/c++ - skipped
[0.304s] -- Detecting CXX compile features
[0.304s] -- Detecting CXX compile features - done
[0.313s] -- Found ament_cmake: 1.3.14 (/opt/ros/humble/share/ament_cmake/cmake)
[0.395s] -- Found Python3: /home/dxr-labtop/pyroki/.venv/bin/python3 (found version "3.10.12") found components: Interpreter
[0.456s] -- Found ament_lint_auto: 0.12.15 (/opt/ros/humble/share/ament_lint_auto/cmake)
[0.582s] -- Added test 'lint_cmake' to check CMake code style
[0.584s] -- Added test 'xmllint' to check XML markup files
[0.584s] -- Configuring done (0.5s)
[0.586s] -- Generating done (0.0s)
[0.587s] -- Build files have been written to: /home/dxr-labtop/pyroki/for_tips/robotiq_ws/build/robotiq_2f_gripper_description
[0.590s] Invoked command in '/home/dxr-labtop/pyroki/for_tips/robotiq_ws/build/robotiq_2f_gripper_description' returned '0': CMAKE_PREFIX_PATH=${CMAKE_PREFIX_PATH}:/opt/ros/humble /home/dxr-labtop/.local/bin/cmake /home/dxr-labtop/pyroki/for_tips/robotiq_ws/src/robotiq_2f_gripper_ros2/robotiq_2f_gripper_description -DCMAKE_INSTALL_PREFIX=/home/dxr-labtop/pyroki/for_tips/robotiq_ws/install/robotiq_2f_gripper_description
[0.592s] Invoking command in '/home/dxr-labtop/pyroki/for_tips/robotiq_ws/build/robotiq_2f_gripper_description': CMAKE_PREFIX_PATH=${CMAKE_PREFIX_PATH}:/opt/ros/humble /home/dxr-labtop/.local/bin/cmake --build /home/dxr-labtop/pyroki/for_tips/robotiq_ws/build/robotiq_2f_gripper_description -- -j20 -l20
[0.657s] Invoked command in '/home/dxr-labtop/pyroki/for_tips/robotiq_ws/build/robotiq_2f_gripper_description' returned '0': CMAKE_PREFIX_PATH=${CMAKE_PREFIX_PATH}:/opt/ros/humble /home/dxr-labtop/.local/bin/cmake --build /home/dxr-labtop/pyroki/for_tips/robotiq_ws/build/robotiq_2f_gripper_description -- -j20 -l20
[0.714s] Invoking command in '/home/dxr-labtop/pyroki/for_tips/robotiq_ws/build/robotiq_2f_gripper_description': CMAKE_PREFIX_PATH=${CMAKE_PREFIX_PATH}:/opt/ros/humble /home/dxr-labtop/.local/bin/cmake --install /home/dxr-labtop/pyroki/for_tips/robotiq_ws/build/robotiq_2f_gripper_description
[0.762s] -- Install configuration: ""
[0.763s] -- Installing: /home/dxr-labtop/pyroki/for_tips/robotiq_ws/install/robotiq_2f_gripper_description/share/robotiq_2f_gripper_description/launch
[0.763s] -- Installing: /home/dxr-labtop/pyroki/for_tips/robotiq_ws/install/robotiq_2f_gripper_description/share/robotiq_2f_gripper_description/launch/robotiq_2f_gripper.rviz
[0.763s] -- Installing: /home/dxr-labtop/pyroki/for_tips/robotiq_ws/install/robotiq_2f_gripper_description/share/robotiq_2f_gripper_description/launch/visualize.launch
[0.763s] -- Installing: /home/dxr-labtop/pyroki/for_tips/robotiq_ws/install/robotiq_2f_gripper_description/share/robotiq_2f_gripper_description/urdf
[0.763s] -- Installing: /home/dxr-labtop/pyroki/for_tips/robotiq_ws/install/robotiq_2f_gripper_description/share/robotiq_2f_gripper_description/urdf/robotiq_2f_140_macro.xacro
[0.763s] -- Installing: /home/dxr-labtop/pyroki/for_tips/robotiq_ws/install/robotiq_2f_gripper_description/share/robotiq_2f_gripper_description/urdf/robotiq_arg2f_transmission.xacro
[0.763s] -- Installing: /home/dxr-labtop/pyroki/for_tips/robotiq_ws/install/robotiq_2f_gripper_description/share/robotiq_2f_gripper_description/urdf/robotiq_2f_140.xacro
[0.763s] -- Installing: /home/dxr-labtop/pyroki/for_tips/robotiq_ws/install/robotiq_2f_gripper_description/share/robotiq_2f_gripper_description/urdf/robotiq_arg2f.xacro
[0.763s] -- Installing: /home/dxr-labtop/pyroki/for_tips/robotiq_ws/install/robotiq_2f_gripper_description/share/robotiq_2f_gripper_description/urdf/example_use_robotiq_2f_140.urdf.xacro
[0.763s] -- Installing: /home/dxr-labtop/pyroki/for_tips/robotiq_ws/install/robotiq_2f_gripper_description/share/robotiq_2f_gripper_description/meshes
[0.763s] -- Installing: /home/dxr-labtop/pyroki/for_tips/robotiq_ws/install/robotiq_2f_gripper_description/share/robotiq_2f_gripper_description/meshes/collision
[0.763s] -- Installing: /home/dxr-labtop/pyroki/for_tips/robotiq_ws/install/robotiq_2f_gripper_description/share/robotiq_2f_gripper_description/meshes/collision/robotiq_arg2f_140_inner_knuckle.stl
[0.764s] -- Installing: /home/dxr-labtop/pyroki/for_tips/robotiq_ws/install/robotiq_2f_gripper_description/share/robotiq_2f_gripper_description/meshes/collision/robotiq_arg2f_140_outer_knuckle.stl
[0.764s] -- Installing: /home/dxr-labtop/pyroki/for_tips/robotiq_ws/install/robotiq_2f_gripper_description/share/robotiq_2f_gripper_description/meshes/collision/robotiq_arg2f_base_link.stl
[0.764s] -- Installing: /home/dxr-labtop/pyroki/for_tips/robotiq_ws/install/robotiq_2f_gripper_description/share/robotiq_2f_gripper_description/meshes/collision/robotiq_arg2f_140_inner_finger.stl
[0.764s] -- Installing: /home/dxr-labtop/pyroki/for_tips/robotiq_ws/install/robotiq_2f_gripper_description/share/robotiq_2f_gripper_description/meshes/collision/robotiq_arg2f_140_outer_finger.stl
[0.764s] -- Installing: /home/dxr-labtop/pyroki/for_tips/robotiq_ws/install/robotiq_2f_gripper_description/share/robotiq_2f_gripper_description/meshes/collision/robotiq_arg2f_coupling.stl
[0.764s] -- Installing: /home/dxr-labtop/pyroki/for_tips/robotiq_ws/install/robotiq_2f_gripper_description/share/robotiq_2f_gripper_description/meshes/visual
[0.764s] -- Installing: /home/dxr-labtop/pyroki/for_tips/robotiq_ws/install/robotiq_2f_gripper_description/share/robotiq_2f_gripper_description/meshes/visual/robotiq_arg2f_140_inner_knuckle.stl
[0.764s] -- Installing: /home/dxr-labtop/pyroki/for_tips/robotiq_ws/install/robotiq_2f_gripper_description/share/robotiq_2f_gripper_description/meshes/visual/robotiq_arg2f_140_outer_knuckle.stl
[0.764s] -- Installing: /home/dxr-labtop/pyroki/for_tips/robotiq_ws/install/robotiq_2f_gripper_description/share/robotiq_2f_gripper_description/meshes/visual/robotiq_arg2f_base_link.stl
[0.764s] -- Installing: /home/dxr-labtop/pyroki/for_tips/robotiq_ws/install/robotiq_2f_gripper_description/share/robotiq_2f_gripper_description/meshes/visual/robotiq_arg2f_140_inner_finger.stl
[0.764s] -- Installing: /home/dxr-labtop/pyroki/for_tips/robotiq_ws/install/robotiq_2f_gripper_description/share/robotiq_2f_gripper_description/meshes/visual/robotiq_arg2f_140_outer_finger.stl
[0.764s] -- Installing: /home/dxr-labtop/pyroki/for_tips/robotiq_ws/install/robotiq_2f_gripper_description/share/robotiq_2f_gripper_description/meshes/visual/robotiq_arg2f_coupling.stl
[0.764s] -- Installing: /home/dxr-labtop/pyroki/for_tips/robotiq_ws/install/robotiq_2f_gripper_description/share/ament_index/resource_index/package_run_dependencies/robotiq_2f_gripper_description
[0.764s] -- Installing: /home/dxr-labtop/pyroki/for_tips/robotiq_ws/install/robotiq_2f_gripper_description/share/ament_index/resource_index/parent_prefix_path/robotiq_2f_gripper_description
[0.765s] -- Installing: /home/dxr-labtop/pyroki/for_tips/robotiq_ws/install/robotiq_2f_gripper_description/share/robotiq_2f_gripper_description/environment/ament_prefix_path.sh
[0.765s] -- Installing: /home/dxr-labtop/pyroki/for_tips/robotiq_ws/install/robotiq_2f_gripper_description/share/robotiq_2f_gripper_description/environment/ament_prefix_path.dsv
[0.765s] -- Installing: /home/dxr-labtop/pyroki/for_tips/robotiq_ws/install/robotiq_2f_gripper_description/share/robotiq_2f_gripper_description/environment/path.sh
[0.765s] -- Installing: /home/dxr-labtop/pyroki/for_tips/robotiq_ws/install/robotiq_2f_gripper_description/share/robotiq_2f_gripper_description/environment/path.dsv
[0.765s] -- Installing: /home/dxr-labtop/pyroki/for_tips/robotiq_ws/install/robotiq_2f_gripper_description/share/robotiq_2f_gripper_description/local_setup.bash
[0.765s] -- Installing: /home/dxr-labtop/pyroki/for_tips/robotiq_ws/install/robotiq_2f_gripper_description/share/robotiq_2f_gripper_description/local_setup.sh
[0.765s] -- Installing: /home/dxr-labtop/pyroki/for_tips/robotiq_ws/install/robotiq_2f_gripper_description/share/robotiq_2f_gripper_description/local_setup.zsh
[0.765s] -- Installing: /home/dxr-labtop/pyroki/for_tips/robotiq_ws/install/robotiq_2f_gripper_description/share/robotiq_2f_gripper_description/local_setup.dsv
[0.765s] -- Installing: /home/dxr-labtop/pyroki/for_tips/robotiq_ws/install/robotiq_2f_gripper_description/share/robotiq_2f_gripper_description/package.dsv
[0.765s] -- Installing: /home/dxr-labtop/pyroki/for_tips/robotiq_ws/install/robotiq_2f_gripper_description/share/ament_index/resource_index/packages/robotiq_2f_gripper_description
[0.765s] -- Installing: /home/dxr-labtop/pyroki/for_tips/robotiq_ws/install/robotiq_2f_gripper_description/share/robotiq_2f_gripper_description/cmake/robotiq_2f_gripper_descriptionConfig.cmake
[0.765s] -- Installing: /home/dxr-labtop/pyroki/for_tips/robotiq_ws/install/robotiq_2f_gripper_description/share/robotiq_2f_gripper_description/cmake/robotiq_2f_gripper_descriptionConfig-version.cmake
[0.765s] -- Installing: /home/dxr-labtop/pyroki/for_tips/robotiq_ws/install/robotiq_2f_gripper_description/share/robotiq_2f_gripper_description/package.xml
[0.766s] Invoked command in '/home/dxr-labtop/pyroki/for_tips/robotiq_ws/build/robotiq_2f_gripper_description' returned '0': CMAKE_PREFIX_PATH=${CMAKE_PREFIX_PATH}:/opt/ros/humble /home/dxr-labtop/.local/bin/cmake --install /home/dxr-labtop/pyroki/for_tips/robotiq_ws/build/robotiq_2f_gripper_description
