[0.010s] Invoking command in '/home/dxr-labtop/pyroki/for_tips/robotiq_ws/build/robotiq_2f_gripper_interfaces': CMAKE_PREFIX_PATH=${CMAKE_PREFIX_PATH}:/opt/ros/humble /home/dxr-labtop/.local/bin/cmake /home/dxr-labtop/pyroki/for_tips/robotiq_ws/src/robotiq_2f_gripper_ros2/robotiq_2f_gripper_interfaces -DCMAKE_INSTALL_PREFIX=/home/dxr-labtop/pyroki/for_tips/robotiq_ws/install/robotiq_2f_gripper_interfaces
[0.068s] [0mCMake Deprecation Warning at CMakeLists.txt:3 (cmake_minimum_required):
[0.068s]   Compatibility with CMake < 3.10 will be removed from a future version of
[0.068s]   CMake.
[0.068s] 
[0.068s]   Update the VERSION argument <min> value.  Or, use the <min>...<max> syntax
[0.068s]   to tell CMake that the project requires at least <min> but has been updated
[0.068s]   to work with policies introduced by <max> or earlier.
[0.068s] 
[0.068s] [0m
[0.123s] -- The CXX compiler identification is GNU 11.4.0
[0.129s] -- Detecting CXX compiler ABI info
[0.185s] -- Detecting CXX compiler ABI info - done
[0.200s] -- Check for working CXX compiler: /usr/bin/c++ - skipped
[0.201s] -- Detecting CXX compile features
[0.201s] -- Detecting CXX compile features - done
[0.214s] -- Found ament_cmake: 1.3.14 (/opt/ros/humble/share/ament_cmake/cmake)
[0.302s] -- Found Python3: /home/dxr-labtop/pyroki/.venv/bin/python3 (found version "3.10.12") found components: Interpreter
[0.360s] -- Found hardware_interface: 2.54.0 (/opt/ros/humble/share/hardware_interface/cmake)
[0.397s] -- Found rosidl_generator_c: 3.1.8 (/opt/ros/humble/share/rosidl_generator_c/cmake)
[0.401s] -- Found rosidl_adapter: 3.1.8 (/opt/ros/humble/share/rosidl_adapter/cmake)
[0.407s] -- Found rosidl_generator_cpp: 3.1.8 (/opt/ros/humble/share/rosidl_generator_cpp/cmake)
[0.417s] -- Using all available rosidl_typesupport_c: rosidl_typesupport_fastrtps_c;rosidl_typesupport_introspection_c
[0.429s] -- Using all available rosidl_typesupport_cpp: rosidl_typesupport_fastrtps_cpp;rosidl_typesupport_introspection_cpp
[0.631s] -- Found rmw_implementation_cmake: 6.1.2 (/opt/ros/humble/share/rmw_implementation_cmake/cmake)
[0.633s] -- Found rmw_fastrtps_cpp: 6.2.10 (/opt/ros/humble/share/rmw_fastrtps_cpp/cmake)
[0.655s] -- Found TinyXML2 via Config file: TinyXML2_DIR-NOTFOUND
[0.706s] -- Found OpenSSL: /usr/lib/x86_64-linux-gnu/libcrypto.so (found version "3.0.2")
[0.709s] -- Found TinyXML2 via Config file: TinyXML2_DIR-NOTFOUND
[0.725s] -- Found FastRTPS: /opt/ros/humble/include
[0.728s] -- Found TinyXML2 via Config file: TinyXML2_DIR-NOTFOUND
[0.735s] -- Found TinyXML2 via Config file: TinyXML2_DIR-NOTFOUND
[0.748s] -- Using RMW implementation 'rmw_fastrtps_cpp' as default
[0.756s] -- Performing Test CMAKE_HAVE_LIBC_PTHREAD
[0.818s] -- Performing Test CMAKE_HAVE_LIBC_PTHREAD - Success
[0.819s] -- Found Threads: TRUE
[0.867s] -- Configuring incomplete, errors occurred!
[0.867s] [31mCMake Error at CMakeLists.txt:18 (find_package):
[0.867s]   By not providing "Findserial.cmake" in CMAKE_MODULE_PATH this project has
[0.867s]   asked CMake to find a package configuration file provided by "serial", but
[0.867s]   CMake did not find one.
[0.867s] 
[0.867s]   Could not find a package configuration file provided by "serial" with any
[0.867s]   of the following names:
[0.867s] 
[0.867s]     serialConfig.cmake
[0.867s]     serial-config.cmake
[0.867s] 
[0.867s]   Add the installation prefix of "serial" to CMAKE_PREFIX_PATH or set
[0.867s]   "serial_DIR" to a directory containing one of the above files.  If "serial"
[0.868s]   provides a separate development package or SDK, be sure it has been
[0.868s]   installed.
[0.868s] 
[0.868s] [0m
